  復元対象のプロジェクトを決定しています...
/Users/keisukekoyanagi/IdeaProjects/SRNSWebApp/SRNSMudApp/SRNSMudApp.csproj : warning NU1608: 依存関係の制約外で検出されたパッケージのバージョン: Microsoft.CodeAnalysis.Workspaces.MSBuild 5.3.0 では Microsoft.CodeAnalysis.Workspaces.Common (= 5.3.0) が必要ですが、バージョン Microsoft.CodeAnalysis.Workspaces.Common 5.9.0 は解決されました。 [/Users/keisukekoyanagi/IdeaProjects/SRNSWebApp/SRNSMudApp.sln]
/Users/keisukekoyanagi/IdeaProjects/SRNSWebApp/SRNSMudApp.E2ETests/SRNSMudApp.E2ETests.csproj : warning NU1608: 依存関係の制約外で検出されたパッケージのバージョン: Microsoft.CodeAnalysis.Workspaces.MSBuild 5.0.0 では Microsoft.CodeAnalysis.Workspaces.Common (= 5.0.0) が必要ですが、バージョン Microsoft.CodeAnalysis.Workspaces.Common 5.9.0 は解決されました。 [/Users/keisukekoyanagi/IdeaProjects/SRNSWebApp/SRNSMudApp.sln]
/Users/keisukekoyanagi/IdeaProjects/SRNSWebApp/SRNSMudApp.Tests/SRNSMudApp.Tests.csproj : warning NU1608: 依存関係の制約外で検出されたパッケージのバージョン: Microsoft.CodeAnalysis.Workspaces.MSBuild 5.0.0 では Microsoft.CodeAnalysis.Workspaces.Common (= 5.0.0) が必要ですが、バージョン Microsoft.CodeAnalysis.Workspaces.Common 5.9.0 は解決されました。 [/Users/keisukekoyanagi/IdeaProjects/SRNSWebApp/SRNSMudApp.sln]
  復元対象のすべてのプロジェクトは最新です。
/usr/local/share/dotnet/sdk/11.0.100-preview.7.26381.103/Sdks/Microsoft.NET.Sdk/targets/Microsoft.NET.RuntimeIdentifierInference.targets(385,5): message NETSDK1057: プレビュー版の .NET を使用しています。https://aka.ms/dotnet-support-policy をご覧ください [/Users/keisukekoyanagi/IdeaProjects/SRNSWebApp/SRNSMudApp.E2ETests/SRNSMudApp.E2ETests.csproj]
/usr/local/share/dotnet/sdk/11.0.100-preview.7.26381.103/Sdks/Microsoft.NET.Sdk/targets/Microsoft.NET.RuntimeIdentifierInference.targets(385,5): message NETSDK1057: プレビュー版の .NET を使用しています。https://aka.ms/dotnet-support-policy をご覧ください [/Users/keisukekoyanagi/IdeaProjects/SRNSWebApp/SRNSMudApp.Client/SRNSMudApp.Client.csproj]
/Users/keisukekoyanagi/IdeaProjects/SRNSWebApp/SRNSMudApp.E2ETests/SRNSMudApp.E2ETests.csproj : warning NU1608: 依存関係の制約外で検出されたパッケージのバージョン: Microsoft.CodeAnalysis.Workspaces.MSBuild 5.0.0 では Microsoft.CodeAnalysis.Workspaces.Common (= 5.0.0) が必要ですが、バージョン Microsoft.CodeAnalysis.Workspaces.Common 5.9.0 は解決されました。
/usr/local/share/dotnet/sdk/11.0.100-preview.7.26381.103/Sdks/Microsoft.NET.Sdk/targets/Microsoft.NET.RuntimeIdentifierInference.targets(385,5): message NETSDK1057: プレビュー版の .NET を使用しています。https://aka.ms/dotnet-support-policy をご覧ください [/Users/keisukekoyanagi/IdeaProjects/SRNSWebApp/SRNSMudApp.Tests/SRNSMudApp.Tests.csproj]
/Users/keisukekoyanagi/IdeaProjects/SRNSWebApp/SRNSMudApp.Tests/SRNSMudApp.Tests.csproj : warning NU1608: 依存関係の制約外で検出されたパッケージのバージョン: Microsoft.CodeAnalysis.Workspaces.MSBuild 5.0.0 では Microsoft.CodeAnalysis.Workspaces.Common (= 5.0.0) が必要ですが、バージョン Microsoft.CodeAnalysis.Workspaces.Common 5.9.0 は解決されました。
/usr/local/share/dotnet/sdk/11.0.100-preview.7.26381.103/Sdks/Microsoft.NET.Sdk/targets/Microsoft.NET.RuntimeIdentifierInference.targets(385,5): message NETSDK1057: プレビュー版の .NET を使用しています。https://aka.ms/dotnet-support-policy をご覧ください [/Users/keisukekoyanagi/IdeaProjects/SRNSWebApp/SRNSMudApp/SRNSMudApp.csproj]
/Users/keisukekoyanagi/IdeaProjects/SRNSWebApp/SRNSMudApp/SRNSMudApp.csproj : warning NU1608: 依存関係の制約外で検出されたパッケージのバージョン: Microsoft.CodeAnalysis.Workspaces.MSBuild 5.3.0 では Microsoft.CodeAnalysis.Workspaces.Common (= 5.3.0) が必要ですが、バージョン Microsoft.CodeAnalysis.Workspaces.Common 5.9.0 は解決されました。
  SRNSMudApp.Client -> /Users/keisukekoyanagi/IdeaProjects/SRNSWebApp/SRNSMudApp.Client/bin/Debug/net11.0/SRNSMudApp.Client.dll
  SRNSMudApp.Client (Blazor output) -> /Users/keisukekoyanagi/IdeaProjects/SRNSWebApp/SRNSMudApp.Client/bin/Debug/net11.0/wwwroot
  SRNSMudApp -> /Users/keisukekoyanagi/IdeaProjects/SRNSWebApp/SRNSMudApp/bin/Debug/net11.0/SRNSMudApp.dll
/Users/keisukekoyanagi/IdeaProjects/SRNSWebApp/SRNSMudApp.Tests/Components/Tag/ImportTagTests.cs(13,7): warning CS0105: 'Moq' の using ディレクティブは、この名前空間で既に使用されています [/Users/keisukekoyanagi/IdeaProjects/SRNSWebApp/SRNSMudApp.Tests/SRNSMudApp.Tests.csproj]
/Users/keisukekoyanagi/IdeaProjects/SRNSWebApp/SRNSMudApp.Tests/TaggingContractServiceTests.cs(58,40): error CS1061: 'TaggingRequestEntity' に 'RequesterMessage' の定義が含まれておらず、型 'TaggingRequestEntity' の最初の引数を受け付けるアクセス可能な拡張メソッド 'RequesterMessage' が見つかりませんでした。using ディレクティブまたはアセンブリ参照が不足していないことを確認してください [/Users/keisukekoyanagi/IdeaProjects/SRNSWebApp/SRNSMudApp.Tests/SRNSMudApp.Tests.csproj]
/Users/keisukekoyanagi/IdeaProjects/SRNSWebApp/SRNSMudApp.Tests/TaggingContractServiceTests.cs(84,34): error CS1061: 'TaggingRequestEntity' に 'OfferedTargetItemId' の定義が含まれておらず、型 'TaggingRequestEntity' の最初の引数を受け付けるアクセス可能な拡張メソッド 'OfferedTargetItemId' が見つかりませんでした。using ディレクティブまたはアセンブリ参照が不足していないことを確認してください [/Users/keisukekoyanagi/IdeaProjects/SRNSWebApp/SRNSMudApp.Tests/SRNSMudApp.Tests.csproj]
/Users/keisukekoyanagi/IdeaProjects/SRNSWebApp/SRNSMudApp.Tests/TaggingContractServiceTests.cs(85,34): error CS1061: 'TaggingRequestEntity' に 'OfferedTagId' の定義が含まれておらず、型 'TaggingRequestEntity' の最初の引数を受け付けるアクセス可能な拡張メソッド 'OfferedTagId' が見つかりませんでした。using ディレクティブまたはアセンブリ参照が不足していないことを確認してください [/Users/keisukekoyanagi/IdeaProjects/SRNSWebApp/SRNSMudApp.Tests/SRNSMudApp.Tests.csproj]
/Users/keisukekoyanagi/IdeaProjects/SRNSWebApp/SRNSMudApp.Tests/TaggingContractServiceTests.cs(123,13): error CS0117: 'TaggingRequestEntity' に 'RequesterMessage' の定義がありません [/Users/keisukekoyanagi/IdeaProjects/SRNSWebApp/SRNSMudApp.Tests/SRNSMudApp.Tests.csproj]
/Users/keisukekoyanagi/IdeaProjects/SRNSWebApp/SRNSMudApp.Tests/TaggingContractServiceTests.cs(177,36): error CS0037: Null 非許容の値型であるため、Null を 'int' に変換できません [/Users/keisukekoyanagi/IdeaProjects/SRNSWebApp/SRNSMudApp.Tests/SRNSMudApp.Tests.csproj]
/Users/keisukekoyanagi/IdeaProjects/SRNSWebApp/SRNSMudApp.Tests/TaggingContractServiceTests.cs(236,13): error CS0117: 'TaggingRequestEntity' に 'OfferedTargetItemId' の定義がありません [/Users/keisukekoyanagi/IdeaProjects/SRNSWebApp/SRNSMudApp.Tests/SRNSMudApp.Tests.csproj]
/Users/keisukekoyanagi/IdeaProjects/SRNSWebApp/SRNSMudApp.Tests/TaggingContractServiceTests.cs(237,13): error CS0117: 'TaggingRequestEntity' に 'OfferedTagId' の定義がありません [/Users/keisukekoyanagi/IdeaProjects/SRNSWebApp/SRNSMudApp.Tests/SRNSMudApp.Tests.csproj]
/Users/keisukekoyanagi/IdeaProjects/SRNSWebApp/SRNSMudApp.Tests/TaggingContractServiceTests.cs(305,13): error CS0117: 'TaggingRequestEntity' に 'OfferedTargetItemId' の定義がありません [/Users/keisukekoyanagi/IdeaProjects/SRNSWebApp/SRNSMudApp.Tests/SRNSMudApp.Tests.csproj]
/Users/keisukekoyanagi/IdeaProjects/SRNSWebApp/SRNSMudApp.Tests/TaggingContractServiceTests.cs(306,13): error CS0117: 'TaggingRequestEntity' に 'OfferedTagId' の定義がありません [/Users/keisukekoyanagi/IdeaProjects/SRNSWebApp/SRNSMudApp.Tests/SRNSMudApp.Tests.csproj]
/Users/keisukekoyanagi/IdeaProjects/SRNSWebApp/SRNSMudApp.Tests/TaggingContractServiceTests.cs(307,36): error CS0037: Null 非許容の値型であるため、Null を 'int' に変換できません [/Users/keisukekoyanagi/IdeaProjects/SRNSWebApp/SRNSMudApp.Tests/SRNSMudApp.Tests.csproj]
/Users/keisukekoyanagi/IdeaProjects/SRNSWebApp/SRNSMudApp.Tests/Components/Tag/TagTreeTests.cs(402,44): error CS0037: Null 非許容の値型であるため、Null を 'int' に変換できません [/Users/keisukekoyanagi/IdeaProjects/SRNSWebApp/SRNSMudApp.Tests/SRNSMudApp.Tests.csproj]
/Users/keisukekoyanagi/IdeaProjects/SRNSWebApp/SRNSMudApp.Tests/TaggingContractServiceTests.cs(362,13): error CS0117: 'TaggingRequestEntity' に 'TargetPublicTradeOfferId' の定義がありません [/Users/keisukekoyanagi/IdeaProjects/SRNSWebApp/SRNSMudApp.Tests/SRNSMudApp.Tests.csproj]
/Users/keisukekoyanagi/IdeaProjects/SRNSWebApp/SRNSMudApp.Tests/TaggingContractServiceTests.cs(415,36): error CS0037: Null 非許容の値型であるため、Null を 'int' に変換できません [/Users/keisukekoyanagi/IdeaProjects/SRNSWebApp/SRNSMudApp.Tests/SRNSMudApp.Tests.csproj]
/Users/keisukekoyanagi/IdeaProjects/SRNSWebApp/SRNSMudApp.Tests/TaggingContractServiceTests.cs(416,13): error CS0117: 'TaggingRequestEntity' に 'TargetPublicTradeOfferId' の定義がありません [/Users/keisukekoyanagi/IdeaProjects/SRNSWebApp/SRNSMudApp.Tests/SRNSMudApp.Tests.csproj]
/Users/keisukekoyanagi/IdeaProjects/SRNSWebApp/SRNSMudApp.Tests/TaggingContractServiceTests.cs(471,13): error CS0117: 'TaggingRequestEntity' に 'TargetPublicTradeOfferId' の定義がありません [/Users/keisukekoyanagi/IdeaProjects/SRNSWebApp/SRNSMudApp.Tests/SRNSMudApp.Tests.csproj]
/Users/keisukekoyanagi/IdeaProjects/SRNSWebApp/SRNSMudApp.Tests/TaggingContractServiceTests.cs(519,13): error CS0117: 'TaggingRequestEntity' に 'TargetPublicTradeOfferId' の定義がありません [/Users/keisukekoyanagi/IdeaProjects/SRNSWebApp/SRNSMudApp.Tests/SRNSMudApp.Tests.csproj]
/Users/keisukekoyanagi/IdeaProjects/SRNSWebApp/SRNSMudApp.Tests/TaggingContractServiceTests.cs(566,13): error CS0117: 'TaggingRequestEntity' に 'TargetPublicTradeOfferId' の定義がありません [/Users/keisukekoyanagi/IdeaProjects/SRNSWebApp/SRNSMudApp.Tests/SRNSMudApp.Tests.csproj]
/Users/keisukekoyanagi/IdeaProjects/SRNSWebApp/SRNSMudApp.Tests/TaggingContractServiceTests.cs(752,13): error CS0117: 'TaggingRequestEntity' に 'OfferedRewardAssetId' の定義がありません [/Users/keisukekoyanagi/IdeaProjects/SRNSWebApp/SRNSMudApp.Tests/SRNSMudApp.Tests.csproj]
/Users/keisukekoyanagi/IdeaProjects/SRNSWebApp/SRNSMudApp.Tests/TaggingContractServiceTests.cs(816,13): error CS0117: 'TaggingRequestEntity' に 'OfferedRewardAssetId' の定義がありません [/Users/keisukekoyanagi/IdeaProjects/SRNSWebApp/SRNSMudApp.Tests/SRNSMudApp.Tests.csproj]
/Users/keisukekoyanagi/IdeaProjects/SRNSWebApp/SRNSMudApp.E2ETests/VectorSearchE2ETests.cs(38,22): warning CS0219: 変数 'password' は割り当てられていますが、その値は使用されていません [/Users/keisukekoyanagi/IdeaProjects/SRNSWebApp/SRNSMudApp.E2ETests/SRNSMudApp.E2ETests.csproj]
/Users/keisukekoyanagi/IdeaProjects/SRNSWebApp/SRNSMudApp.E2ETests/ImportTagE2ETests.cs(52,22): warning CS0219: 変数 'password' は割り当てられていますが、その値は使用されていません [/Users/keisukekoyanagi/IdeaProjects/SRNSWebApp/SRNSMudApp.E2ETests/SRNSMudApp.E2ETests.csproj]
/Users/keisukekoyanagi/IdeaProjects/SRNSWebApp/SRNSMudApp.E2ETests/UserDetailTreeE2ETests.cs(92,22): warning CS0219: 変数 'password' は割り当てられていますが、その値は使用されていません [/Users/keisukekoyanagi/IdeaProjects/SRNSWebApp/SRNSMudApp.E2ETests/SRNSMudApp.E2ETests.csproj]
/Users/keisukekoyanagi/IdeaProjects/SRNSWebApp/SRNSMudApp.E2ETests/ItemAddE2ETests.cs(38,22): warning CS0219: 変数 'password' は割り当てられていますが、その値は使用されていません [/Users/keisukekoyanagi/IdeaProjects/SRNSWebApp/SRNSMudApp.E2ETests/SRNSMudApp.E2ETests.csproj]
/Users/keisukekoyanagi/IdeaProjects/SRNSWebApp/SRNSMudApp.E2ETests/DuplicateTaggingRequestCancelE2ETests.cs(116,17): error CS0117: 'TaggingRequestEntity' に 'RequesterMessage' の定義がありません [/Users/keisukekoyanagi/IdeaProjects/SRNSWebApp/SRNSMudApp.E2ETests/SRNSMudApp.E2ETests.csproj]
/Users/keisukekoyanagi/IdeaProjects/SRNSWebApp/SRNSMudApp.E2ETests/DuplicateTaggingRequestCancelE2ETests.cs(130,17): error CS0117: 'TaggingRequestEntity' に 'RequesterMessage' の定義がありません [/Users/keisukekoyanagi/IdeaProjects/SRNSWebApp/SRNSMudApp.E2ETests/SRNSMudApp.E2ETests.csproj]
/Users/keisukekoyanagi/IdeaProjects/SRNSWebApp/SRNSMudApp.E2ETests/ItemListExportE2ETests.cs(38,22): warning CS0219: 変数 'password' は割り当てられていますが、その値は使用されていません [/Users/keisukekoyanagi/IdeaProjects/SRNSWebApp/SRNSMudApp.E2ETests/SRNSMudApp.E2ETests.csproj]
/Users/keisukekoyanagi/IdeaProjects/SRNSWebApp/SRNSMudApp.E2ETests/ItemTaggingE2ETests.cs(39,22): warning CS0219: 変数 'password' は割り当てられていますが、その値は使用されていません [/Users/keisukekoyanagi/IdeaProjects/SRNSWebApp/SRNSMudApp.E2ETests/SRNSMudApp.E2ETests.csproj]
/Users/keisukekoyanagi/IdeaProjects/SRNSWebApp/SRNSMudApp.E2ETests/TagRemoveBugE2ETests.cs(88,17): error CS0117: 'TaggingRequestEntity' に 'RequesterMessage' の定義がありません [/Users/keisukekoyanagi/IdeaProjects/SRNSWebApp/SRNSMudApp.E2ETests/SRNSMudApp.E2ETests.csproj]
/Users/keisukekoyanagi/IdeaProjects/SRNSWebApp/SRNSMudApp.E2ETests/PasskeyLoginE2ETests.cs(53,22): warning CS0219: 変数 'password' は割り当てられていますが、その値は使用されていません [/Users/keisukekoyanagi/IdeaProjects/SRNSWebApp/SRNSMudApp.E2ETests/SRNSMudApp.E2ETests.csproj]
/Users/keisukekoyanagi/IdeaProjects/SRNSWebApp/SRNSMudApp.E2ETests/PasskeyRenameE2ETests.cs(52,22): warning CS0219: 変数 'password' は割り当てられていますが、その値は使用されていません [/Users/keisukekoyanagi/IdeaProjects/SRNSWebApp/SRNSMudApp.E2ETests/SRNSMudApp.E2ETests.csproj]
/Users/keisukekoyanagi/IdeaProjects/SRNSWebApp/SRNSMudApp.E2ETests/TaggingRequestReplyE2ETests.cs(92,17): error CS0117: 'TaggingRequestEntity' に 'RequesterMessage' の定義がありません [/Users/keisukekoyanagi/IdeaProjects/SRNSWebApp/SRNSMudApp.E2ETests/SRNSMudApp.E2ETests.csproj]
/Users/keisukekoyanagi/IdeaProjects/SRNSWebApp/SRNSMudApp.E2ETests/TagDeletionTrackingE2ETests.cs(24,20): warning CS0414: フィールド 'TagDeletionTrackingE2ETests._baseUrl' が割り当てられていますが、値は使用されていません [/Users/keisukekoyanagi/IdeaProjects/SRNSWebApp/SRNSMudApp.E2ETests/SRNSMudApp.E2ETests.csproj]

ビルドに失敗しました。

/Users/keisukekoyanagi/IdeaProjects/SRNSWebApp/SRNSMudApp/SRNSMudApp.csproj : warning NU1608: 依存関係の制約外で検出されたパッケージのバージョン: Microsoft.CodeAnalysis.Workspaces.MSBuild 5.3.0 では Microsoft.CodeAnalysis.Workspaces.Common (= 5.3.0) が必要ですが、バージョン Microsoft.CodeAnalysis.Workspaces.Common 5.9.0 は解決されました。 [/Users/keisukekoyanagi/IdeaProjects/SRNSWebApp/SRNSMudApp.sln]
/Users/keisukekoyanagi/IdeaProjects/SRNSWebApp/SRNSMudApp.E2ETests/SRNSMudApp.E2ETests.csproj : warning NU1608: 依存関係の制約外で検出されたパッケージのバージョン: Microsoft.CodeAnalysis.Workspaces.MSBuild 5.0.0 では Microsoft.CodeAnalysis.Workspaces.Common (= 5.0.0) が必要ですが、バージョン Microsoft.CodeAnalysis.Workspaces.Common 5.9.0 は解決されました。 [/Users/keisukekoyanagi/IdeaProjects/SRNSWebApp/SRNSMudApp.sln]
/Users/keisukekoyanagi/IdeaProjects/SRNSWebApp/SRNSMudApp.Tests/SRNSMudApp.Tests.csproj : warning NU1608: 依存関係の制約外で検出されたパッケージのバージョン: Microsoft.CodeAnalysis.Workspaces.MSBuild 5.0.0 では Microsoft.CodeAnalysis.Workspaces.Common (= 5.0.0) が必要ですが、バージョン Microsoft.CodeAnalysis.Workspaces.Common 5.9.0 は解決されました。 [/Users/keisukekoyanagi/IdeaProjects/SRNSWebApp/SRNSMudApp.sln]
/Users/keisukekoyanagi/IdeaProjects/SRNSWebApp/SRNSMudApp.E2ETests/SRNSMudApp.E2ETests.csproj : warning NU1608: 依存関係の制約外で検出されたパッケージのバージョン: Microsoft.CodeAnalysis.Workspaces.MSBuild 5.0.0 では Microsoft.CodeAnalysis.Workspaces.Common (= 5.0.0) が必要ですが、バージョン Microsoft.CodeAnalysis.Workspaces.Common 5.9.0 は解決されました。
/Users/keisukekoyanagi/IdeaProjects/SRNSWebApp/SRNSMudApp.Tests/SRNSMudApp.Tests.csproj : warning NU1608: 依存関係の制約外で検出されたパッケージのバージョン: Microsoft.CodeAnalysis.Workspaces.MSBuild 5.0.0 では Microsoft.CodeAnalysis.Workspaces.Common (= 5.0.0) が必要ですが、バージョン Microsoft.CodeAnalysis.Workspaces.Common 5.9.0 は解決されました。
/Users/keisukekoyanagi/IdeaProjects/SRNSWebApp/SRNSMudApp/SRNSMudApp.csproj : warning NU1608: 依存関係の制約外で検出されたパッケージのバージョン: Microsoft.CodeAnalysis.Workspaces.MSBuild 5.3.0 では Microsoft.CodeAnalysis.Workspaces.Common (= 5.3.0) が必要ですが、バージョン Microsoft.CodeAnalysis.Workspaces.Common 5.9.0 は解決されました。
/Users/keisukekoyanagi/IdeaProjects/SRNSWebApp/SRNSMudApp.Tests/Components/Tag/ImportTagTests.cs(13,7): warning CS0105: 'Moq' の using ディレクティブは、この名前空間で既に使用されています [/Users/keisukekoyanagi/IdeaProjects/SRNSWebApp/SRNSMudApp.Tests/SRNSMudApp.Tests.csproj]
/Users/keisukekoyanagi/IdeaProjects/SRNSWebApp/SRNSMudApp.E2ETests/VectorSearchE2ETests.cs(38,22): warning CS0219: 変数 'password' は割り当てられていますが、その値は使用されていません [/Users/keisukekoyanagi/IdeaProjects/SRNSWebApp/SRNSMudApp.E2ETests/SRNSMudApp.E2ETests.csproj]
/Users/keisukekoyanagi/IdeaProjects/SRNSWebApp/SRNSMudApp.E2ETests/ImportTagE2ETests.cs(52,22): warning CS0219: 変数 'password' は割り当てられていますが、その値は使用されていません [/Users/keisukekoyanagi/IdeaProjects/SRNSWebApp/SRNSMudApp.E2ETests/SRNSMudApp.E2ETests.csproj]
/Users/keisukekoyanagi/IdeaProjects/SRNSWebApp/SRNSMudApp.E2ETests/UserDetailTreeE2ETests.cs(92,22): warning CS0219: 変数 'password' は割り当てられていますが、その値は使用されていません [/Users/keisukekoyanagi/IdeaProjects/SRNSWebApp/SRNSMudApp.E2ETests/SRNSMudApp.E2ETests.csproj]
/Users/keisukekoyanagi/IdeaProjects/SRNSWebApp/SRNSMudApp.E2ETests/ItemAddE2ETests.cs(38,22): warning CS0219: 変数 'password' は割り当てられていますが、その値は使用されていません [/Users/keisukekoyanagi/IdeaProjects/SRNSWebApp/SRNSMudApp.E2ETests/SRNSMudApp.E2ETests.csproj]
/Users/keisukekoyanagi/IdeaProjects/SRNSWebApp/SRNSMudApp.E2ETests/ItemListExportE2ETests.cs(38,22): warning CS0219: 変数 'password' は割り当てられていますが、その値は使用されていません [/Users/keisukekoyanagi/IdeaProjects/SRNSWebApp/SRNSMudApp.E2ETests/SRNSMudApp.E2ETests.csproj]
/Users/keisukekoyanagi/IdeaProjects/SRNSWebApp/SRNSMudApp.E2ETests/ItemTaggingE2ETests.cs(39,22): warning CS0219: 変数 'password' は割り当てられていますが、その値は使用されていません [/Users/keisukekoyanagi/IdeaProjects/SRNSWebApp/SRNSMudApp.E2ETests/SRNSMudApp.E2ETests.csproj]
/Users/keisukekoyanagi/IdeaProjects/SRNSWebApp/SRNSMudApp.E2ETests/PasskeyLoginE2ETests.cs(53,22): warning CS0219: 変数 'password' は割り当てられていますが、その値は使用されていません [/Users/keisukekoyanagi/IdeaProjects/SRNSWebApp/SRNSMudApp.E2ETests/SRNSMudApp.E2ETests.csproj]
/Users/keisukekoyanagi/IdeaProjects/SRNSWebApp/SRNSMudApp.E2ETests/PasskeyRenameE2ETests.cs(52,22): warning CS0219: 変数 'password' は割り当てられていますが、その値は使用されていません [/Users/keisukekoyanagi/IdeaProjects/SRNSWebApp/SRNSMudApp.E2ETests/SRNSMudApp.E2ETests.csproj]
/Users/keisukekoyanagi/IdeaProjects/SRNSWebApp/SRNSMudApp.E2ETests/TagDeletionTrackingE2ETests.cs(24,20): warning CS0414: フィールド 'TagDeletionTrackingE2ETests._baseUrl' が割り当てられていますが、値は使用されていません [/Users/keisukekoyanagi/IdeaProjects/SRNSWebApp/SRNSMudApp.E2ETests/SRNSMudApp.E2ETests.csproj]
/Users/keisukekoyanagi/IdeaProjects/SRNSWebApp/SRNSMudApp.Tests/TaggingContractServiceTests.cs(58,40): error CS1061: 'TaggingRequestEntity' に 'RequesterMessage' の定義が含まれておらず、型 'TaggingRequestEntity' の最初の引数を受け付けるアクセス可能な拡張メソッド 'RequesterMessage' が見つかりませんでした。using ディレクティブまたはアセンブリ参照が不足していないことを確認してください [/Users/keisukekoyanagi/IdeaProjects/SRNSWebApp/SRNSMudApp.Tests/SRNSMudApp.Tests.csproj]
/Users/keisukekoyanagi/IdeaProjects/SRNSWebApp/SRNSMudApp.Tests/TaggingContractServiceTests.cs(84,34): error CS1061: 'TaggingRequestEntity' に 'OfferedTargetItemId' の定義が含まれておらず、型 'TaggingRequestEntity' の最初の引数を受け付けるアクセス可能な拡張メソッド 'OfferedTargetItemId' が見つかりませんでした。using ディレクティブまたはアセンブリ参照が不足していないことを確認してください [/Users/keisukekoyanagi/IdeaProjects/SRNSWebApp/SRNSMudApp.Tests/SRNSMudApp.Tests.csproj]
/Users/keisukekoyanagi/IdeaProjects/SRNSWebApp/SRNSMudApp.Tests/TaggingContractServiceTests.cs(85,34): error CS1061: 'TaggingRequestEntity' に 'OfferedTagId' の定義が含まれておらず、型 'TaggingRequestEntity' の最初の引数を受け付けるアクセス可能な拡張メソッド 'OfferedTagId' が見つかりませんでした。using ディレクティブまたはアセンブリ参照が不足していないことを確認してください [/Users/keisukekoyanagi/IdeaProjects/SRNSWebApp/SRNSMudApp.Tests/SRNSMudApp.Tests.csproj]
/Users/keisukekoyanagi/IdeaProjects/SRNSWebApp/SRNSMudApp.Tests/TaggingContractServiceTests.cs(123,13): error CS0117: 'TaggingRequestEntity' に 'RequesterMessage' の定義がありません [/Users/keisukekoyanagi/IdeaProjects/SRNSWebApp/SRNSMudApp.Tests/SRNSMudApp.Tests.csproj]
/Users/keisukekoyanagi/IdeaProjects/SRNSWebApp/SRNSMudApp.Tests/TaggingContractServiceTests.cs(177,36): error CS0037: Null 非許容の値型であるため、Null を 'int' に変換できません [/Users/keisukekoyanagi/IdeaProjects/SRNSWebApp/SRNSMudApp.Tests/SRNSMudApp.Tests.csproj]
/Users/keisukekoyanagi/IdeaProjects/SRNSWebApp/SRNSMudApp.Tests/TaggingContractServiceTests.cs(236,13): error CS0117: 'TaggingRequestEntity' に 'OfferedTargetItemId' の定義がありません [/Users/keisukekoyanagi/IdeaProjects/SRNSWebApp/SRNSMudApp.Tests/SRNSMudApp.Tests.csproj]
/Users/keisukekoyanagi/IdeaProjects/SRNSWebApp/SRNSMudApp.Tests/TaggingContractServiceTests.cs(237,13): error CS0117: 'TaggingRequestEntity' に 'OfferedTagId' の定義がありません [/Users/keisukekoyanagi/IdeaProjects/SRNSWebApp/SRNSMudApp.Tests/SRNSMudApp.Tests.csproj]
/Users/keisukekoyanagi/IdeaProjects/SRNSWebApp/SRNSMudApp.Tests/TaggingContractServiceTests.cs(305,13): error CS0117: 'TaggingRequestEntity' に 'OfferedTargetItemId' の定義がありません [/Users/keisukekoyanagi/IdeaProjects/SRNSWebApp/SRNSMudApp.Tests/SRNSMudApp.Tests.csproj]
/Users/keisukekoyanagi/IdeaProjects/SRNSWebApp/SRNSMudApp.Tests/TaggingContractServiceTests.cs(306,13): error CS0117: 'TaggingRequestEntity' に 'OfferedTagId' の定義がありません [/Users/keisukekoyanagi/IdeaProjects/SRNSWebApp/SRNSMudApp.Tests/SRNSMudApp.Tests.csproj]
/Users/keisukekoyanagi/IdeaProjects/SRNSWebApp/SRNSMudApp.Tests/TaggingContractServiceTests.cs(307,36): error CS0037: Null 非許容の値型であるため、Null を 'int' に変換できません [/Users/keisukekoyanagi/IdeaProjects/SRNSWebApp/SRNSMudApp.Tests/SRNSMudApp.Tests.csproj]
/Users/keisukekoyanagi/IdeaProjects/SRNSWebApp/SRNSMudApp.Tests/Components/Tag/TagTreeTests.cs(402,44): error CS0037: Null 非許容の値型であるため、Null を 'int' に変換できません [/Users/keisukekoyanagi/IdeaProjects/SRNSWebApp/SRNSMudApp.Tests/SRNSMudApp.Tests.csproj]
/Users/keisukekoyanagi/IdeaProjects/SRNSWebApp/SRNSMudApp.Tests/TaggingContractServiceTests.cs(362,13): error CS0117: 'TaggingRequestEntity' に 'TargetPublicTradeOfferId' の定義がありません [/Users/keisukekoyanagi/IdeaProjects/SRNSWebApp/SRNSMudApp.Tests/SRNSMudApp.Tests.csproj]
/Users/keisukekoyanagi/IdeaProjects/SRNSWebApp/SRNSMudApp.Tests/TaggingContractServiceTests.cs(415,36): error CS0037: Null 非許容の値型であるため、Null を 'int' に変換できません [/Users/keisukekoyanagi/IdeaProjects/SRNSWebApp/SRNSMudApp.Tests/SRNSMudApp.Tests.csproj]
/Users/keisukekoyanagi/IdeaProjects/SRNSWebApp/SRNSMudApp.Tests/TaggingContractServiceTests.cs(416,13): error CS0117: 'TaggingRequestEntity' に 'TargetPublicTradeOfferId' の定義がありません [/Users/keisukekoyanagi/IdeaProjects/SRNSWebApp/SRNSMudApp.Tests/SRNSMudApp.Tests.csproj]
/Users/keisukekoyanagi/IdeaProjects/SRNSWebApp/SRNSMudApp.Tests/TaggingContractServiceTests.cs(471,13): error CS0117: 'TaggingRequestEntity' に 'TargetPublicTradeOfferId' の定義がありません [/Users/keisukekoyanagi/IdeaProjects/SRNSWebApp/SRNSMudApp.Tests/SRNSMudApp.Tests.csproj]
/Users/keisukekoyanagi/IdeaProjects/SRNSWebApp/SRNSMudApp.Tests/TaggingContractServiceTests.cs(519,13): error CS0117: 'TaggingRequestEntity' に 'TargetPublicTradeOfferId' の定義がありません [/Users/keisukekoyanagi/IdeaProjects/SRNSWebApp/SRNSMudApp.Tests/SRNSMudApp.Tests.csproj]
/Users/keisukekoyanagi/IdeaProjects/SRNSWebApp/SRNSMudApp.Tests/TaggingContractServiceTests.cs(566,13): error CS0117: 'TaggingRequestEntity' に 'TargetPublicTradeOfferId' の定義がありません [/Users/keisukekoyanagi/IdeaProjects/SRNSWebApp/SRNSMudApp.Tests/SRNSMudApp.Tests.csproj]
/Users/keisukekoyanagi/IdeaProjects/SRNSWebApp/SRNSMudApp.Tests/TaggingContractServiceTests.cs(752,13): error CS0117: 'TaggingRequestEntity' に 'OfferedRewardAssetId' の定義がありません [/Users/keisukekoyanagi/IdeaProjects/SRNSWebApp/SRNSMudApp.Tests/SRNSMudApp.Tests.csproj]
/Users/keisukekoyanagi/IdeaProjects/SRNSWebApp/SRNSMudApp.Tests/TaggingContractServiceTests.cs(816,13): error CS0117: 'TaggingRequestEntity' に 'OfferedRewardAssetId' の定義がありません [/Users/keisukekoyanagi/IdeaProjects/SRNSWebApp/SRNSMudApp.Tests/SRNSMudApp.Tests.csproj]
/Users/keisukekoyanagi/IdeaProjects/SRNSWebApp/SRNSMudApp.E2ETests/DuplicateTaggingRequestCancelE2ETests.cs(116,17): error CS0117: 'TaggingRequestEntity' に 'RequesterMessage' の定義がありません [/Users/keisukekoyanagi/IdeaProjects/SRNSWebApp/SRNSMudApp.E2ETests/SRNSMudApp.E2ETests.csproj]
/Users/keisukekoyanagi/IdeaProjects/SRNSWebApp/SRNSMudApp.E2ETests/DuplicateTaggingRequestCancelE2ETests.cs(130,17): error CS0117: 'TaggingRequestEntity' に 'RequesterMessage' の定義がありません [/Users/keisukekoyanagi/IdeaProjects/SRNSWebApp/SRNSMudApp.E2ETests/SRNSMudApp.E2ETests.csproj]
/Users/keisukekoyanagi/IdeaProjects/SRNSWebApp/SRNSMudApp.E2ETests/TagRemoveBugE2ETests.cs(88,17): error CS0117: 'TaggingRequestEntity' に 'RequesterMessage' の定義がありません [/Users/keisukekoyanagi/IdeaProjects/SRNSWebApp/SRNSMudApp.E2ETests/SRNSMudApp.E2ETests.csproj]
/Users/keisukekoyanagi/IdeaProjects/SRNSWebApp/SRNSMudApp.E2ETests/TaggingRequestReplyE2ETests.cs(92,17): error CS0117: 'TaggingRequestEntity' に 'RequesterMessage' の定義がありません [/Users/keisukekoyanagi/IdeaProjects/SRNSWebApp/SRNSMudApp.E2ETests/SRNSMudApp.E2ETests.csproj]
    16 個の警告
    23 エラー

経過時間 00:00:01.39
